// Jest Snapshot v1, https://goo.gl/fbAQLP

exports[`Pruebas en el <GifGrid /> debe mostrarse correctamente 1`] = `
<Fragment>
  <h3
    className="card animate__animated animate__fadeIn"
  >
     
    Dragon Ball
     
  </h3>
  <p
    className="animate__flash"
  >
    Cargando
  </p>
  <div
    className="card-grid"
  />
</Fragment>
`;
